// Jest Snapshot v1, https://goo.gl/fbAQLP

exports[`Header Should render. 1`] = `
<nav class="navbar navbar-expand-lg navbar-dark bg-primary"><button type="button" data-toggle="collapse" data-target="#navbarNavAltMarkup" aria-controls="navbarNavAltMarkup" aria-expanded="false" aria-label="Toggle navigation" class="navbar-toggler"><span class="navbar-toggler-icon"></span></button> <a href="#" class="navbar-brand">Food Weekly Planner</a>
  <div id="navbarNavAltMarkup" class="collapse navbar-collapse">
    <div class="navbar-nav"><a href="#" class="nav-item nav-link active">Menu</a> <a href="#" class="nav-item nav-link">Recipe</a> <a href="#" class="nav-item nav-link">Shopping</a></div>
  </div>
</nav>
`;
