// Jest Snapshot v1, https://goo.gl/fbAQLP

exports[`MenuOfTheWeek render Should render. 1`] = `
<v-container-stub tag="div">
  <div class="d-flex align-center justify-space-between mt-2">
    <h2>menu.title</h2>
    <v-btn-stub color="primary" tag="button" activeclass="" type="button">menu.regenerate</v-btn-stub>
  </div>
  <v-row-stub tag="div">
    <v-col-stub tag="div">
      <menucard-stub id="SOUPE-ID" title="Soupe Ã  la tomate" minutes="30" calorieslevel="low" ingredients="[object Object],[object Object]"></menucard-stub>
      <menucard-stub id="WELSH-ID" title="Welsh" minutes="45" calorieslevel="high" ingredients="[object Object],[object Object],[object Object],[object Object]"></menucard-stub>
    </v-col-stub>
  </v-row-stub>
</v-container-stub>
`;
