// Jest Snapshot v1, https://goo.gl/fbAQLP

exports[`Shopping Should render. 1`] = `
<v-expansion-panels-stub activeclass="v-item--active">
  <v-expansion-panel-stub>
    <v-expansion-panel-header-stub expandicon="$expand">
      STARCHY-FOOD (0/1)
    </v-expansion-panel-header-stub>
    <v-expansion-panel-content-stub>
      <v-list-stub tag="div" tile="true">
        <v-list-item-group-stub activeclass="" multiple="true">
          <v-list-item-stub activeclass="" tag="div">
            <v-list-item-content-stub>
              <v-list-item-title-stub>Pain (1)</v-list-item-title-stub>
            </v-list-item-content-stub>
            <v-list-item-action-stub>
              <v-checkbox-stub color="primary" errorcount="1" errormessages="" messages="" rules="" successmessages="" backgroundcolor="" ripple="true" valuecomparator="function deepEqual(a, b) {
  if (a === b) return true;

  if (a instanceof Date &amp;&amp; b instanceof Date) {
    // If the values are Date, they were convert to timestamp with getTime and compare it
    if (a.getTime() !== b.getTime()) return false;
  }

  if (a !== Object(a) || b !== Object(b)) {
    // If the values aren't objects, they were already checked for equality
    return false;
  }

  var props = Object.keys(a);

  if (props.length !== Object.keys(b).length) {
    // Different number of props, don't bother to check
    return false;
  }

  return props.every(function (p) {
    return deepEqual(a[p], b[p]);
  });
}" indeterminateicon="$checkboxIndeterminate" officon="$checkboxOff" onicon="$checkboxOn"></v-checkbox-stub>
            </v-list-item-action-stub>
          </v-list-item-stub>
        </v-list-item-group-stub>
      </v-list-stub>
    </v-expansion-panel-content-stub>
  </v-expansion-panel-stub>
  <v-expansion-panel-stub>
    <v-expansion-panel-header-stub expandicon="$expand">
      DAIRY-PRODUCT (1/2)
    </v-expansion-panel-header-stub>
    <v-expansion-panel-content-stub>
      <v-list-stub tag="div" tile="true">
        <v-list-item-group-stub activeclass="" multiple="true">
          <v-list-item-stub activeclass="" tag="div">
            <v-list-item-content-stub>
              <v-list-item-title-stub>Cheddar (400 GR)</v-list-item-title-stub>
            </v-list-item-content-stub>
            <v-list-item-action-stub>
              <v-checkbox-stub color="primary" errorcount="1" errormessages="" messages="" rules="" successmessages="" value="true" backgroundcolor="" ripple="true" valuecomparator="function deepEqual(a, b) {
  if (a === b) return true;

  if (a instanceof Date &amp;&amp; b instanceof Date) {
    // If the values are Date, they were convert to timestamp with getTime and compare it
    if (a.getTime() !== b.getTime()) return false;
  }

  if (a !== Object(a) || b !== Object(b)) {
    // If the values aren't objects, they were already checked for equality
    return false;
  }

  var props = Object.keys(a);

  if (props.length !== Object.keys(b).length) {
    // Different number of props, don't bother to check
    return false;
  }

  return props.every(function (p) {
    return deepEqual(a[p], b[p]);
  });
}" inputvalue="true" indeterminateicon="$checkboxIndeterminate" officon="$checkboxOff" onicon="$checkboxOn"></v-checkbox-stub>
            </v-list-item-action-stub>
          </v-list-item-stub>
          <v-list-item-stub activeclass="" tag="div">
            <v-list-item-content-stub>
              <v-list-item-title-stub>Lait (1 L)</v-list-item-title-stub>
            </v-list-item-content-stub>
            <v-list-item-action-stub>
              <v-checkbox-stub color="primary" errorcount="1" errormessages="" messages="" rules="" successmessages="" backgroundcolor="" ripple="true" valuecomparator="function deepEqual(a, b) {
  if (a === b) return true;

  if (a instanceof Date &amp;&amp; b instanceof Date) {
    // If the values are Date, they were convert to timestamp with getTime and compare it
    if (a.getTime() !== b.getTime()) return false;
  }

  if (a !== Object(a) || b !== Object(b)) {
    // If the values aren't objects, they were already checked for equality
    return false;
  }

  var props = Object.keys(a);

  if (props.length !== Object.keys(b).length) {
    // Different number of props, don't bother to check
    return false;
  }

  return props.every(function (p) {
    return deepEqual(a[p], b[p]);
  });
}" indeterminateicon="$checkboxIndeterminate" officon="$checkboxOff" onicon="$checkboxOn"></v-checkbox-stub>
            </v-list-item-action-stub>
          </v-list-item-stub>
        </v-list-item-group-stub>
      </v-list-stub>
    </v-expansion-panel-content-stub>
  </v-expansion-panel-stub>
  <v-expansion-panel-stub>
    <v-expansion-panel-header-stub expandicon="$expand">
      OTHER (0/1)
    </v-expansion-panel-header-stub>
    <v-expansion-panel-content-stub>
      <v-list-stub tag="div" tile="true">
        <v-list-item-group-stub activeclass="" multiple="true">
          <v-list-item-stub activeclass="" tag="div">
            <v-list-item-content-stub>
              <v-list-item-title-stub>Bi√®re brune (25 CL)</v-list-item-title-stub>
            </v-list-item-content-stub>
            <v-list-item-action-stub>
              <v-checkbox-stub color="primary" errorcount="1" errormessages="" messages="" rules="" successmessages="" backgroundcolor="" ripple="true" valuecomparator="function deepEqual(a, b) {
  if (a === b) return true;

  if (a instanceof Date &amp;&amp; b instanceof Date) {
    // If the values are Date, they were convert to timestamp with getTime and compare it
    if (a.getTime() !== b.getTime()) return false;
  }

  if (a !== Object(a) || b !== Object(b)) {
    // If the values aren't objects, they were already checked for equality
    return false;
  }

  var props = Object.keys(a);

  if (props.length !== Object.keys(b).length) {
    // Different number of props, don't bother to check
    return false;
  }

  return props.every(function (p) {
    return deepEqual(a[p], b[p]);
  });
}" indeterminateicon="$checkboxIndeterminate" officon="$checkboxOff" onicon="$checkboxOn"></v-checkbox-stub>
            </v-list-item-action-stub>
          </v-list-item-stub>
        </v-list-item-group-stub>
      </v-list-stub>
    </v-expansion-panel-content-stub>
  </v-expansion-panel-stub>
  <v-expansion-panel-stub>
    <v-expansion-panel-header-stub expandicon="$expand">
      MEAT (2/2)
    </v-expansion-panel-header-stub>
    <v-expansion-panel-content-stub>
      <v-list-stub tag="div" tile="true">
        <v-list-item-group-stub activeclass="" multiple="true">
          <v-list-item-stub activeclass="" tag="div">
            <v-list-item-content-stub>
              <v-list-item-title-stub>Jambon (100 GR)</v-list-item-title-stub>
            </v-list-item-content-stub>
            <v-list-item-action-stub>
              <v-checkbox-stub color="primary" errorcount="1" errormessages="" messages="" rules="" successmessages="" value="true" backgroundcolor="" ripple="true" valuecomparator="function deepEqual(a, b) {
  if (a === b) return true;

  if (a instanceof Date &amp;&amp; b instanceof Date) {
    // If the values are Date, they were convert to timestamp with getTime and compare it
    if (a.getTime() !== b.getTime()) return false;
  }

  if (a !== Object(a) || b !== Object(b)) {
    // If the values aren't objects, they were already checked for equality
    return false;
  }

  var props = Object.keys(a);

  if (props.length !== Object.keys(b).length) {
    // Different number of props, don't bother to check
    return false;
  }

  return props.every(function (p) {
    return deepEqual(a[p], b[p]);
  });
}" inputvalue="true" indeterminateicon="$checkboxIndeterminate" officon="$checkboxOff" onicon="$checkboxOn"></v-checkbox-stub>
            </v-list-item-action-stub>
          </v-list-item-stub>
          <v-list-item-stub activeclass="" tag="div">
            <v-list-item-content-stub>
              <v-list-item-title-stub>Piou piou (200 GR)</v-list-item-title-stub>
            </v-list-item-content-stub>
            <v-list-item-action-stub>
              <v-checkbox-stub color="primary" errorcount="1" errormessages="" messages="" rules="" successmessages="" value="true" backgroundcolor="" ripple="true" valuecomparator="function deepEqual(a, b) {
  if (a === b) return true;

  if (a instanceof Date &amp;&amp; b instanceof Date) {
    // If the values are Date, they were convert to timestamp with getTime and compare it
    if (a.getTime() !== b.getTime()) return false;
  }

  if (a !== Object(a) || b !== Object(b)) {
    // If the values aren't objects, they were already checked for equality
    return false;
  }

  var props = Object.keys(a);

  if (props.length !== Object.keys(b).length) {
    // Different number of props, don't bother to check
    return false;
  }

  return props.every(function (p) {
    return deepEqual(a[p], b[p]);
  });
}" inputvalue="true" indeterminateicon="$checkboxIndeterminate" officon="$checkboxOff" onicon="$checkboxOn"></v-checkbox-stub>
            </v-list-item-action-stub>
          </v-list-item-stub>
        </v-list-item-group-stub>
      </v-list-stub>
    </v-expansion-panel-content-stub>
  </v-expansion-panel-stub>
</v-expansion-panels-stub>
`;
